{
  "2020-01-15": {
    "B9-0039/2020": {
      "was_roll_call_voted": false,
      "was_adopted": true
    },
    "A9-0053/2019": {
      "was_roll_call_voted": true,
      "was_adopted": true,
      "global_votes": {
        "+": 550,
        "-": 24,
        "0": 22
      }
    },
    "A9-0041/2019": {
      "was_roll_call_voted": true,
      "was_adopted": true,
      "global_votes": {
        "+": 597,
        "-": 34,
        "0": 32
      }
    },
    "A9-0055/2019": {
      "was_roll_call_voted": true,
      "was_adopted": true,
      "global_votes": {
        "+": 592,
        "-": 22,
        "0": 51
      }
    },
    "RC-B9-0040/2020": {
      "was_roll_call_voted": true,
      "was_adopted": true,
      "global_votes": {
        "+": 482,
        "-": 136,
        "0": 95
      }
    },
    "B9-0031/2020": {
      "was_roll_call_voted": true,
      "was_adopted": true,
      "global_votes": {
        "+": 610,
        "-": 29,
        "0": 68
      }
    },
    "A9-0051/2019": {
      "was_roll_call_voted": true,
      "was_adopted": true,
      "global_votes": {
        "+": 496,
        "-": 113,
        "0": 103
      }
    },
    "A9-0054/2019": {
      "was_roll_call_voted": true,
      "was_adopted": true,
      "global_votes": {
        "+": 454,
        "-": 148,
        "0": 102
      }
    },
    "A9-0052/2019": {
      "was_roll_call_voted": true,
      "was_adopted": true,
      "global_votes": {
        "+": 364,
        "-": 266,
        "0": 77
      }
    },
    "B9-0036/2020": {
      "was_roll_call_voted": true,
      "was_adopted": true,
      "global_votes": {
        "+": 494,
        "-": 147,
        "0": 49
      }
    }
  },
  "2019-07-18": {
    "RC-B9-0006/2019": {
      "global_votes": {
        "+": 455,
        "-": 85,
        "0": 105
      },
      "was_adopted": true,
      "was_roll_call_voted": true
    },
    "RC-B9-0012/2019": {
      "was_adopted": true,
      "was_roll_call_voted": false
    },
    "RC-B9-0013/2019": {
      "was_adopted": true,
      "was_roll_call_voted": false
    },
    "RC-B9-0014/2019": {
      "was_adopted": true,
      "was_roll_call_voted": false
    }
  },
  "2023-12-14": {
    "B9-0488/2023": {
      "was_roll_call_voted": true,
      "was_adopted": false,
      "global_votes": {
        "+": 317,
        "-": 148,
        "0": 77
      }
    },
    "B9-0494/2023": {
      "was_roll_call_voted": true,
      "was_adopted": true,
      "global_votes": {
        "+": 500,
        "-": 42,
        "0": 4
      }
    },
    "B9-0492/2023": {
      "was_roll_call_voted": true,
      "was_adopted": true,
      "global_votes": {
        "+": 380,
        "-": 156,
        "0": 16
      }
    },
    "B9-0490/2023": {
      "was_roll_call_voted": true,
      "was_adopted": true,
      "global_votes": {
        "+": 382,
        "-": 153,
        "0": 11
      }
    },
    "RC-B9-0509/2023": {
      "was_roll_call_voted": true,
      "was_adopted": true,
      "global_votes": {
        "+": 489,
        "-": 7,
        "0": 42
      }
    },
    "RC-B9-0511/2023": {
      "was_roll_call_voted": true,
      "was_adopted": true,
      "global_votes": {
        "+": 493,
        "-": 29,
        "0": 17
      }
    },
    "RC-B9-0510/2023": {
      "was_roll_call_voted": true,
      "was_adopted": true,
      "global_votes": {
        "+": 477,
        "-": 14,
        "0": 45
      }
    },
    "A9-0383/2023": {
      "was_roll_call_voted": true,
      "was_adopted": true,
      "global_votes": {
        "+": 465,
        "-": 36,
        "0": 50
      }
    },
    "A9-0368/2023": {
      "was_roll_call_voted": true,
      "was_adopted": true,
      "global_votes": {
        "+": 366,
        "-": 145,
        "0": 23
      }
    },
    "B9-0491/2023": {
      "was_roll_call_voted": false,
      "was_adopted": true
    },
    "B9-0499/2023": {
      "was_roll_call_voted": true,
      "was_adopted": true,
      "global_votes": {
        "+": 366,
        "-": 154,
        "0": 15
      }
    },
    "A9-0379/2023": {
      "was_roll_call_voted": true,
      "was_adopted": true,
      "global_votes": {
        "+": 418,
        "-": 44,
        "0": 59
      }
    },
    "RC-B9-0526/2023": {
      "was_roll_call_voted": true,
      "was_adopted": true,
      "global_votes": {
        "+": 432,
        "-": 9,
        "0": 39
      }
    }
  },
  "2022-12-13": {
    "A9-0145/2022": {
      "was_roll_call_voted": true,
      "was_adopted": true,
      "global_votes": {
        "+": 573,
        "-": 44,
        "0": 11
      }
    },
    "A9-0286/2022": {
      "was_roll_call_voted": true,
      "was_adopted": true,
      "global_votes": {
        "+": 593,
        "-": 21,
        "0": 8
      }
    },
    "A9-0287/2022": {
      "was_roll_call_voted": true,
      "was_adopted": true,
      "global_votes": {
        "+": 624,
        "-": 2,
        "0": 5
      }
    },
    "A9-0276/2022": {
      "was_roll_call_voted": true,
      "was_adopted": true,
      "global_votes": {
        "+": 625,
        "-": 3,
        "0": 2
      }
    },
    "A9-0285/2022": {
      "was_roll_call_voted": true,
      "was_adopted": true,
      "global_votes": {
        "+": 600,
        "-": 21,
        "0": 10
      }
    },
    "B9-0548/2022": {
      "was_roll_call_voted": true,
      "was_adopted": true,
      "global_votes": {
        "+": 425,
        "-": 182,
        "0": 20
      }
    },
    "B9-0549/2022": {
      "was_roll_call_voted": false,
      "was_adopted": true
    },
    "A9-0284/2022": {
      "was_roll_call_voted": true,
      "was_adopted": true,
      "global_votes": {
        "+": 526,
        "-": 10,
        "0": 83
      }
    },
    "A9-0269/2022": {
      "was_roll_call_voted": true,
      "was_adopted": true,
      "global_votes": {
        "+": 465,
        "-": 29,
        "0": 131
      }
    },
    "A9-0242/2022": {
      "was_roll_call_voted": true,
      "was_adopted": true,
      "global_votes": {
        "+": 524,
        "-": 38,
        "0": 50
      }
    },
    "B9-0550/2022": {
      "was_roll_call_voted": false,
      "was_adopted": true
    }
  },
  "2022-12-14": {
    "A9-0282/2022": {
      "was_roll_call_voted": true,
      "was_adopted": true,
      "global_votes": {
        "+": 555,
        "-": 7,
        "0": 4
      }
    },
    "A9-0283/2022": {
      "was_roll_call_voted": true,
      "was_adopted": true,
      "global_votes": {
        "+": 407,
        "-": 34,
        "0": 181
      }
    },
    "A9-0274/2022": {
      "was_roll_call_voted": true,
      "was_adopted": true,
      "global_votes": {
        "+": 430,
        "-": 52,
        "0": 126
      }
    },
    "RC-B9-0552/2022": {
      "was_roll_call_voted": false,
      "was_adopted": true
    },
    "A9-0279/2022": {
      "was_roll_call_voted": true,
      "was_adopted": true,
      "global_votes": {
        "+": 455,
        "-": 114,
        "0": 44
      }
    },
    "C9-0424/2022": {
      "was_roll_call_voted": false,
      "was_adopted": true
    }
  },
  "2024-09-19": {
    "RC-B10-0024/2024": {
      "was_roll_call_voted": true,
      "was_adopted": true,
      "global_votes": {
        "+": 565,
        "-": 8,
        "0": 43
      }
    },
    "RC-B10-0026/2024": {
      "was_roll_call_voted": true,
      "was_adopted": true,
      "global_votes": {
        "+": 549,
        "-": 21,
        "0": 37
      }
    },
    "RC-B10-0022/2024": {
      "was_roll_call_voted": true,
      "was_adopted": true,
      "global_votes": {
        "+": 380,
        "-": 182,
        "0": 51
      }
    },
    "A10-0001/2024": {
      "was_roll_call_voted": true,
      "was_adopted": true,
      "global_votes": {
        "+": 582,
        "-": 16,
        "0": 17
      }
    },
    "RC-B10-0028/2024": {
      "was_roll_call_voted": true,
      "was_adopted": true,
      "global_votes": {
        "+": 425,
        "-": 131,
        "0": 63
      }
    },
    "RC-B10-0023/2024": {
      "was_roll_call_voted": true,
      "was_adopted": true,
      "global_votes": {
        "+": 309,
        "-": 201,
        "0": 12
      }
    },
    "RC-B10-0057/2024": {
      "was_roll_call_voted": false,
      "was_adopted": true
    }
  },
  "2020-04-17": {
    "RC-B9-0143/2020": {
      "was_roll_call_voted": true,
      "was_adopted": true,
      "global_votes": {
        "+": "Données indisponibles",
        "-": "Données indisponibles",
        "0": "Données indisponibles"
      }
    },
    "C9-0110/2020": {
      "was_roll_call_voted": true,
      "was_adopted": true,
      "global_votes": {
        "+": "Données indisponibles",
        "-": "Données indisponibles",
        "0": "Données indisponibles"
      }
    },
    "C9-0101/2020": {
      "was_roll_call_voted": true,
      "was_adopted": true,
      "global_votes": {
        "+": "Données indisponibles",
        "-": "Données indisponibles",
        "0": "Données indisponibles"
      }
    },
    "C9-0109/2020": {
      "was_roll_call_voted": true,
      "was_adopted": true,
      "global_votes": {
        "+": "Données indisponibles",
        "-": "Données indisponibles",
        "0": "Données indisponibles"
      }
    },
    "C9-0092/2020": {
      "was_roll_call_voted": true,
      "was_adopted": true,
      "global_votes": {
        "+": "Données indisponibles",
        "-": "Données indisponibles",
        "0": "Données indisponibles"
      }
    },
    "C9-0096/2020": {
      "was_roll_call_voted": true,
      "was_adopted": true,
      "global_votes": {
        "+": "Données indisponibles",
        "-": "Données indisponibles",
        "0": "Données indisponibles"
      }
    },
    "C9-0097/2020": {
      "was_roll_call_voted": true,
      "was_adopted": true,
      "global_votes": {
        "+": "Données indisponibles",
        "-": "Données indisponibles",
        "0": "Données indisponibles"
      }
    },
    "C9-0095/2020": {
      "was_roll_call_voted": true,
      "was_adopted": true,
      "global_votes": {
        "+": "Données indisponibles",
        "-": "Données indisponibles",
        "0": "Données indisponibles"
      }
    },
    "C9-0094/2020": {
      "was_roll_call_voted": true,
      "was_adopted": true,
      "global_votes": {
        "+": "Données indisponibles",
        "-": "Données indisponibles",
        "0": "Données indisponibles"
      }
    },
    "C9-0093/2020": {
      "was_roll_call_voted": true,
      "was_adopted": true,
      "global_votes": {
        "+": "Données indisponibles",
        "-": "Données indisponibles",
        "0": "Données indisponibles"
      }
    },
    "C9-0098/2020": {
      "was_roll_call_voted": true,
      "was_adopted": true,
      "global_votes": {
        "+": "Données indisponibles",
        "-": "Données indisponibles",
        "0": "Données indisponibles"
      }
    }
  },
  "2021-06-07": {
    "A9-0254/2020": {
      "was_roll_call_voted": true,
      "was_adopted": true,
      "global_votes": {
        "+": 437,
        "-": 120,
        "0": 138
      }
    },
    "A9-0255/2020": {
      "was_roll_call_voted": true,
      "was_adopted": true,
      "global_votes": {
        "+": 435,
        "-": 119,
        "0": 141
      }
    },
    "A9-0189/2021": {
      "was_roll_call_voted": true,
      "was_adopted": true,
      "global_votes": {
        "+": 670,
        "-": 22,
        "0": 4
      }
    },
    "A9-0188/2021": {
      "was_roll_call_voted": true,
      "was_adopted": true,
      "global_votes": {
        "+": 660,
        "-": 29,
        "0": 7
      }
    },
    "A9-0187/2021": {
      "was_roll_call_voted": true,
      "was_adopted": true,
      "global_votes": {
        "+": 657,
        "-": 32,
        "0": 7
      }
    },
    "A9-0186/2021": {
      "was_roll_call_voted": true,
      "was_adopted": true,
      "global_votes": {
        "+": 658,
        "-": 31,
        "0": 7
      }
    },
    "A9-0083/2021": {
      "was_roll_call_voted": true,
      "was_adopted": true,
      "global_votes": {
        "+": 441,
        "-": 119,
        "0": 136
      }
    },
    "A9-0196/2021": {
      "was_roll_call_voted": false,
      "was_adopted": true
    },
    "A9-0197/2021": {
      "was_roll_call_voted": false,
      "was_adopted": true
    },
    "A9-0168/2021": {
      "was_roll_call_voted": true,
      "was_adopted": true,
      "global_votes": {
        "+": 508,
        "-": 115,
        "0": 68
      }
    },
    "A9-0154/2021": {
      "was_roll_call_voted": true,
      "was_adopted": true,
      "global_votes": {
        "+": 390,
        "-": 82,
        "0": 212
      }
    },
    "A9-0179/2021": {
      "was_roll_call_voted": true,
      "was_adopted": true,
      "global_votes": {
        "+": 515,
        "-": 90,
        "0": 86
      }
    },
    "A9-0173/2021": {
      "was_roll_call_voted": true,
      "was_adopted": true,
      "global_votes": {
        "+": 477,
        "-": 89,
        "0": 127
      }
    },
    "A9-0198/2021": {
      "was_roll_call_voted": true,
      "was_adopted": false,
      "global_votes": {
        "+": 65,
        "-": 521,
        "0": 108
      }
    },
    "A9-0174/2021": {
      "was_roll_call_voted": true,
      "was_adopted": true,
      "global_votes": {
        "+": 602,
        "-": 9,
        "0": 81
      }
    },
    "B9-0303/2021": {
      "was_roll_call_voted": true,
      "was_adopted": true,
      "global_votes": {
        "+": 505,
        "-": 30,
        "0": 155
      }
    },
    "RC-B9-0306/2021": {
      "was_roll_call_voted": true,
      "was_adopted": true,
      "global_votes": {
        "+": 355,
        "-": 263,
        "0": 71
      }
    },
    "B9-0313/2021": {
      "was_roll_call_voted": true,
      "was_adopted": true,
      "global_votes": {
        "+": 441,
        "-": 232,
        "0": 18
      }
    },
    "B9-0312/2021": {
      "was_roll_call_voted": true,
      "was_adopted": true,
      "global_votes": {
        "+": 434,
        "-": 230,
        "0": 27
      }
    },
    "B9-0305/2021": {
      "was_roll_call_voted": true,
      "was_adopted": true,
      "global_votes": {
        "+": 670,
        "-": 4,
        "0": 12
      }
    },
    "B9-0319/2021": {
      "was_roll_call_voted": true,
      "was_adopted": false,
      "global_votes": {
        "+": 506,
        "-": 150,
        "0": 28
      }
    },
    "RC-B9-0331/2021": {
      "was_roll_call_voted": true,
      "was_adopted": true,
      "global_votes": {
        "+": 514,
        "-": 163,
        "0": 9
      }
    },
    "RC-B9-0349/2021": {
      "was_roll_call_voted": true,
      "was_adopted": true,
      "global_votes": {
        "+": 397,
        "-": 85,
        "0": 196
      }
    },
    "RC-B9-0355/2021": {
      "was_roll_call_voted": true,
      "was_adopted": true,
      "global_votes": {
        "+": 628,
        "-": 15,
        "0": 40
      }
    },
    "RC-B9-0347/2021": {
      "was_roll_call_voted": true,
      "was_adopted": true,
      "global_votes": {
        "+": 564,
        "-": 61,
        "0": 37
      }
    },
    "RC-B9-0341/2021": {
      "was_roll_call_voted": false,
      "was_adopted": true
    },
    "RC-B9-0328/2021": {
      "was_roll_call_voted": true,
      "was_adopted": true,
      "global_votes": {
        "+": 626,
        "-": 16,
        "0": 36
      }
    },
    "RC-B9-0324/2021": {
      "was_roll_call_voted": true,
      "was_adopted": true,
      "global_votes": {
        "+": 610,
        "-": 34,
        "0": 39
      }
    },
    "B9-0296/2021": {
      "was_roll_call_voted": true,
      "was_adopted": true,
      "global_votes": {
        "+": 558,
        "-": 37,
        "0": 85
      }
    },
    "A9-0163/2021": {
      "was_roll_call_voted": true,
      "was_adopted": true,
      "global_votes": {
        "+": 546,
        "-": 35,
        "0": 100
      }
    },
    "B9-0316/2021": {
      "was_roll_call_voted": true,
      "was_adopted": true,
      "global_votes": {
        "+": 584,
        "-": 92,
        "0": 7
      }
    },
    "C9-0104/2021": {
      "was_roll_call_voted": true,
      "was_adopted": true,
      "global_votes": {
        "+": 575,
        "-": 72,
        "0": 43
      }
    },
    "C9-0100/2021": {
      "was_roll_call_voted": true,
      "was_adopted": true,
      "global_votes": {
        "+": 577,
        "-": 71,
        "0": 42
      }
    },
    "C9-0185/2021": {
      "was_roll_call_voted": true,
      "was_adopted": true,
      "global_votes": {
        "+": 647,
        "-": 28,
        "0": 17
      }
    }
  },
  "2024-07-17": {
    "B10-0004/2024": {
      "was_roll_call_voted": false,
      "was_adopted": true
    },
    "B10-0005/2024": {
      "was_roll_call_voted": false,
      "was_adopted": true
    },
    "B10-0007/2024": {
      "was_roll_call_voted": true,
      "was_adopted": true,
      "global_votes": {
        "+": 495,
        "-": 137,
        "0": 47
      }
    }
  },
  "2019-10-22": {
    "A9-0015/2019": {
      "was_roll_call_voted": true,
      "was_adopted": true,
      "global_votes": {
        "+": 516,
        "-": 23,
        "0": 17
      }
    },
    "A9-0014/2019": {
      "was_roll_call_voted": true,
      "was_adopted": true,
      "global_votes": {
        "+": 574,
        "-": 24,
        "0": 2
      }
    },
    "A9-0018/2019": {
      "was_roll_call_voted": true,
      "was_adopted": true,
      "global_votes": {
        "+": 543,
        "-": 30,
        "0": 46
      }
    }
  },
  "2020-06-17": {
  "A9-0107/2020": {
    "was_roll_call_voted": false,
    "was_adopted": true
  },
  "A9-0108/2020": {
    "was_roll_call_voted": false,
    "was_adopted": true
  },
  "A9-0036/2020": {
    "was_roll_call_voted": false,
    "was_adopted": true
  },
  "A9-0037/2020": {
    "was_roll_call_voted": false,
    "was_adopted": true
  },
  "A9-0024/2020": {
    "was_roll_call_voted": true,
    "was_adopted": true,
    "global_votes": {
      "+": 510,
      "-": 127,
      "0": 51
    }
  },
  "A9-0023/2020": {
    "was_roll_call_voted": true,
    "was_adopted": true,
    "global_votes": {
      "+": 587,
      "-": 50,
      "0": 51
    }
  },
  "A9-0012/2020": {
    "was_roll_call_voted": true,
    "was_adopted": true,
    "global_votes": {
      "+": 537,
      "-": 64,
      "0": 87
    }
  },
  "A9-0013/2020": {
    "was_roll_call_voted": true,
    "was_adopted": true,
    "global_votes": {
      "+": 620,
      "-": 44,
      "0": 24
    }
  },
  "A9-0001/2020": {
    "was_roll_call_voted": true,
    "was_adopted": true,
    "global_votes": {
      "+": 589,
      "-": 51,
      "0": 48
    }
  },
  "A9-0092/2020": {
    "was_roll_call_voted": true,
    "was_adopted": true,
    "global_votes": {
      "+": 682,
      "-": 2,
      "0": 4
    }
  },
  "B9-0186/2020": {
    "was_roll_call_voted": true,
    "was_adopted": true,
    "global_votes": {
      "+": 676,
      "-": 4,
      "0": 8
    }
  },
  "A9-0109/2020": {
    "was_roll_call_voted": true,
    "was_adopted": true,
    "global_votes": {
      "+": 609,
      "-": 26,
      "0": 53
    }
  },
  "A9-0105/2020": {
    "was_roll_call_voted": true,
    "was_adopted": true,
    "global_votes": {
      "+": 680,
      "-": 7,
      "0": 1
    }
  },
  "A9-0104/2020": {
    "was_roll_call_voted": true,
    "was_adopted": true,
    "global_votes": {
      "+": 636,
      "-": 47,
      "0": 5
    }
  },
  "A9-0106/2020": {
    "was_roll_call_voted": true,
    "was_adopted": true,
    "global_votes": {
      "+": 680,
      "-": 7,
      "0": 1
    }
  },
  "A9-0084/2020": {
    "was_roll_call_voted": true,
    "was_adopted": true,
    "global_votes": {
      "+": 654,
      "-": 10,
      "0": 24
    }
  },
  "A9-0083/2020": {
    "was_roll_call_voted": true,
    "was_adopted": true,
    "global_votes": {
      "+": 655,
      "-": 9,
      "0": 24
    }
  },
  "A9-0005/2020": {
    "was_roll_call_voted": true,
    "was_adopted": true,
    "global_votes": {
      "+": 623,
      "-": 26,
      "0": 39
    }
  },
  "A9-0086/2020": {
    "was_roll_call_voted": true,
    "was_adopted": true,
    "global_votes": {
      "+": 653,
      "-": 10,
      "0": 25
    }
  },
  "A9-0087/2020": {
    "was_roll_call_voted": true,
    "was_adopted": true,
    "global_votes": {
      "+": 645,
      "-": 13,
      "0": 30
    }
  },
  "A9-0082/2020": {
    "was_roll_call_voted": true,
    "was_adopted": true,
    "global_votes": {
      "+": 653,
      "-": 10,
      "0": 25
    }
  },
  "A9-0085/2020": {
    "was_roll_call_voted": true,
    "was_adopted": true,
    "global_votes": {
      "+": 437,
      "-": 102,
      "0": 147
    }
  },
  "A9-0117/2020": {
    "was_roll_call_voted": true,
    "was_adopted": true,
    "global_votes": {
      "+": 572,
      "-": 34,
      "0": 91
    }
  },
  "B9-0170/2020": {
    "was_roll_call_voted": true,
    "was_adopted": true,
    "global_votes": {
      "+": 528,
      "-": 124,
      "0": 45
    }
  },
  "B9-0123/2020": {
    "was_roll_call_voted": true,
    "was_adopted": true,
    "global_votes": {
      "+": 653,
      "-": 6,
      "0": 29
    }
  },
  "A9-0113/2020": {
    "was_roll_call_voted": true,
    "was_adopted": true,
    "global_votes": {
      "+": 502,
      "-": 169,
      "0": 17
    }
  },
  "A9-0022/2020": {
    "was_roll_call_voted": true,
    "was_adopted": true,
    "global_votes": {
      "+": 521,
      "-": 41,
      "0": 126
    }
  },
  "B9-0187/2020": {
    "was_roll_call_voted": true,
    "was_adopted": true,
    "global_votes": {
      "+": 613,
      "-": 67,
      "0": 8
    }
  },
  "B9-0188/2020": {
    "was_roll_call_voted": true,
    "was_adopted": true,
    "global_votes": {
      "+": 651,
      "-": 28,
      "0": 8
    }
  },
  "B9-0190/2020": {
    "was_roll_call_voted": true,
    "was_adopted": true,
    "global_votes": {
      "+": 548,
      "-": 83,
      "0": 56
    }
  },
  "B9-0189/2020": {
    "was_roll_call_voted": true,
    "was_adopted": true,
    "global_votes": {
      "+": 574,
      "-": 41,
      "0": 72
    }
  },
  "B9-0191/2020": {
    "was_roll_call_voted": true,
    "was_adopted": true,
    "global_votes": {
      "+": 605,
      "-": 53,
      "0": 31
    }
  },
  "B9-0192/2020": {
    "was_roll_call_voted": true,
    "was_adopted": true,
    "global_votes": {
      "+": 510,
      "-": 53,
      "0": 101
    }
  },
  "A9-0026/2020": {
    "was_roll_call_voted": true,
    "was_adopted": true,
    "global_votes": {
      "+": 478,
      "-": 107,
      "0": 80
    }
  },
  "A9-0110/2020": {
    "was_roll_call_voted": true,
    "was_adopted": true,
    "global_votes": {
      "+": 448,
      "-": 115,
      "0": 101
    }
  },
  "A9-0112/2020": {
    "was_roll_call_voted": true,
    "was_adopted": true,
    "global_votes": {
      "+": 507,
      "-": 119,
      "0": 37
    }
  },
  "A9-0091/2020": {
    "was_roll_call_voted": true,
    "was_adopted": true,
    "global_votes": {
      "+": 532,
      "-": 70,
      "0": 63
    }
  },
  "RC-B9-0166/2020": {
    "was_roll_call_voted": true,
    "was_adopted": true,
    "global_votes": {
      "+": 587,
      "-": 32,
      "0": 46
    }
  },
  "B9-0196/2020": {
    "was_roll_call_voted": true,
    "was_adopted": true,
    "global_votes": {
      "+": 493,
      "-": 104,
      "0": 67
    }
  },
  "RC-B9-0169/2020": {
    "was_roll_call_voted": true,
    "was_adopted": true,
    "global_votes": {
      "+": 565,
      "-": 34,
      "0": 62
    }
  },
  "B9-0165/2020": {
    "was_roll_call_voted": true,
    "was_adopted": true,
    "global_votes": {
      "+": 520,
      "-": 86,
      "0": 59
    }
  },
  "B9-0172/2020": {
    "was_roll_call_voted": true,
    "was_adopted": true,
    "global_votes": {
      "+": 593,
      "-": 34,
      "0": 38
    }
  },
  "C9-0134/2020": {
    "was_roll_call_voted": true,
    "was_adopted": true,
    "global_votes": {
      "+": 500,
      "-": 152,
      "0": 13
    }
  },
  "C9-0128/2020": {
    "was_roll_call_voted": true,
    "was_adopted": true,
    "global_votes": {
      "+": 636,
      "-": 21,
      "0": 8
    }
  },
  "C9-0142/2020": {
    "was_roll_call_voted": true,
    "was_adopted": true,
    "global_votes": {
      "+": 653,
      "-": 10,
      "0": 2
    }
  }
}
}